
> my-center-fe@0.1.0 build
> next build

Γû▓ Next.js 16.1.1 (Turbopack)
- Environments: .env
- Experiments (use with caution):
  ┬╖ optimizePackageImports

  Creating an optimized production build ...
npm : Found 2 warnings while optimizing generated CSS:
At line:1 char:64
+ ... .next\lock" -ErrorAction SilentlyContinue; npm run build 2>&1 | Out-F ...
+                                                ~~~~~~~~~~~~~~~~~~
    + CategoryInfo          : NotSpecified: (Found 2 warning... generated CSS: 
   :String) [], RemoteException
    + FullyQualifiedErrorId : NativeCommandError
 

Issue #1:
[2mΓöé     }[22m
[2mΓöé   }[22m
[2mΓöé[22m   @property --border-angle {
[2mΓöå[22m            [33m[2m^--[22m Unknown at rule: @property[39m
[2mΓöå[22m
[2mΓöé     syntax: "<angle>";[22m
[2mΓöé     inherits: true;[22m

Issue #2:
[2mΓöé     animation-play-state: paused;[22m
[2mΓöé   }[22m
[2mΓöé[22m   @property --border-angle {
[2mΓöå[22m            [33m[2m^--[22m Unknown at rule: @property[39m
[2mΓöå[22m
[2mΓöé     syntax: <angle>;[22m
[2mΓöé     inherits: true;[22m

Γ£ô Compiled successfully in 62s
  Running TypeScript ...
  Collecting page data using 7 workers ...
  Generating static pages using 7 workers (0/118) ...
  Generating static pages using 7 workers (29/118) 
  Generating static pages using 7 workers (58/118) 
  Generating static pages using 7 workers (88/118) 
Γ£ô Generating static pages using 7 workers (118/118) in 539.8ms
  Finalizing page optimization ...

Route (app)
Γöî ╞Æ /
Γö£ ╞Æ /_not-found
Γö£ ╞Æ /[locale]
Γö£ ╞Æ /[locale]/activate-profile
Γö£ ╞Æ /[locale]/auth/forgotpassword
Γö£ ╞Æ /[locale]/auth/login
Γö£ ╞Æ /[locale]/auth/logout
Γö£ ╞Æ /[locale]/auth/register
Γö£ ╞Æ /[locale]/auth/reset-password
Γö£ ╞Æ /[locale]/auth/reset-pin
Γö£ ╞Æ /[locale]/blogs
Γö£ ╞Æ /[locale]/contact
Γö£ ╞Æ /[locale]/faqs
Γö£ ╞Æ /[locale]/portal
Γö£ ╞Æ /[locale]/portal/admin
Γö£ ╞Æ /[locale]/portal/admin/accounts
Γö£ ╞Æ /[locale]/portal/admin/blogs
Γö£ ╞Æ /[locale]/portal/admin/branches
Γö£ ╞Æ /[locale]/portal/admin/cashbook
Γö£ ╞Æ /[locale]/portal/admin/center
Γö£ ╞Æ /[locale]/portal/admin/classes
Γö£ ╞Æ /[locale]/portal/admin/classes/[id]
Γö£ ╞Æ /[locale]/portal/admin/courses
Γö£ ╞Æ /[locale]/portal/admin/courses/branch
Γö£ ╞Æ /[locale]/portal/admin/courses/system
Γö£ ╞Æ /[locale]/portal/admin/discount-campaigns
Γö£ ╞Æ /[locale]/portal/admin/documents
Γö£ ╞Æ /[locale]/portal/admin/enrollments
Γö£ ╞Æ /[locale]/portal/admin/extracurricular
Γö£ ╞Æ /[locale]/portal/admin/faqs
Γö£ ╞Æ /[locale]/portal/admin/feedback
Γö£ ╞Æ /[locale]/portal/admin/feedback/monthly
Γö£ ╞Æ /[locale]/portal/admin/feedback/session
Γö£ ╞Æ /[locale]/portal/admin/fees
Γö£ ╞Æ /[locale]/portal/admin/gamification
Γö£ ╞Æ /[locale]/portal/admin/leads
Γö£ ╞Æ /[locale]/portal/admin/materials
Γö£ ╞Æ /[locale]/portal/admin/media
Γö£ ╞Æ /[locale]/portal/admin/notifications
Γö£ ╞Æ /[locale]/portal/admin/pause-enrollments
Γö£ ╞Æ /[locale]/portal/admin/payment-setting
Γö£ ╞Æ /[locale]/portal/admin/payment-setting/branch
Γö£ ╞Æ /[locale]/portal/admin/payroll
Γö£ ╞Æ /[locale]/portal/admin/placement-tests
Γö£ ╞Æ /[locale]/portal/admin/profile
Γö£ ╞Æ /[locale]/portal/admin/question-bank
Γö£ ╞Æ /[locale]/portal/admin/registrations
Γö£ ╞Æ /[locale]/portal/admin/registrations/payment-setting
Γö£ ╞Æ /[locale]/portal/admin/registrations/payment-setting/branch
Γö£ ╞Æ /[locale]/portal/admin/report-requests
Γö£ ╞Æ /[locale]/portal/admin/reports
Γö£ ╞Æ /[locale]/portal/admin/rooms
Γö£ ╞Æ /[locale]/portal/admin/schedule
Γö£ ╞Æ /[locale]/portal/admin/schedule/[id]
Γö£ ╞Æ /[locale]/portal/admin/settings
Γö£ ╞Æ /[locale]/portal/admin/teachers
Γö£ ╞Æ /[locale]/portal/admin/tuition-plans
Γö£ ╞Æ /[locale]/portal/parent
Γö£ ╞Æ /[locale]/portal/parent/account
Γö£ ╞Æ /[locale]/portal/parent/approvals
Γö£ ╞Æ /[locale]/portal/parent/attendance
Γö£ ╞Æ /[locale]/portal/parent/attendance-history
Γö£ ╞Æ /[locale]/portal/parent/enrollment-pause
Γö£ ╞Æ /[locale]/portal/parent/gamification
Γö£ ╞Æ /[locale]/portal/parent/homework
Γö£ ╞Æ /[locale]/portal/parent/homework/[id]
Γö£ ╞Æ /[locale]/portal/parent/media
Γö£ ╞Æ /[locale]/portal/parent/notifications
Γö£ ╞Æ /[locale]/portal/parent/payment
Γö£ ╞Æ /[locale]/portal/parent/profile
Γö£ ╞Æ /[locale]/portal/parent/progress
Γö£ ╞Æ /[locale]/portal/parent/schedule
Γö£ ╞Æ /[locale]/portal/parent/support
Γö£ ╞Æ /[locale]/portal/parent/tests
Γö£ ╞Æ /[locale]/portal/parent/tuition
Γö£ ╞Æ /[locale]/portal/staff
Γö£ ╞Æ /[locale]/portal/staff-accountant
Γö£ ╞Æ /[locale]/portal/staff-accountant/adjustments
Γö£ ╞Æ /[locale]/portal/staff-accountant/audit-log
Γö£ ╞Æ /[locale]/portal/staff-accountant/dues
Γö£ ╞Æ /[locale]/portal/staff-accountant/incident-reports
Γö£ ╞Æ /[locale]/portal/staff-accountant/invoices
Γö£ ╞Æ /[locale]/portal/staff-accountant/notifications
Γö£ ╞Æ /[locale]/portal/staff-accountant/payos
Γö£ ╞Æ /[locale]/portal/staff-accountant/profile
Γö£ ╞Æ /[locale]/portal/staff-accountant/reports
Γö£ ╞Æ /[locale]/portal/staff-management
Γö£ ╞Æ /[locale]/portal/staff-management/accounts
Γö£ ╞Æ /[locale]/portal/staff-management/enrollments
Γö£ ╞Æ /[locale]/portal/staff-management/feedback
Γö£ ╞Æ /[locale]/portal/staff-management/feedback/monthly
Γö£ ╞Æ /[locale]/portal/staff-management/feedback/session
Γö£ ╞Æ /[locale]/portal/staff-management/gamification
Γö£ ╞Æ /[locale]/portal/staff-management/incident-reports
Γö£ ╞Æ /[locale]/portal/staff-management/leads
Γö£ ╞Æ /[locale]/portal/staff-management/lesson-plans
Γö£ ╞Æ /[locale]/portal/staff-management/makeup
Γö£ ╞Æ /[locale]/portal/staff-management/materials
Γö£ ╞Æ /[locale]/portal/staff-management/media
Γö£ ╞Æ /[locale]/portal/staff-management/monthly-report
Γö£ ╞Æ /[locale]/portal/staff-management/notifications
Γö£ ╞Æ /[locale]/portal/staff-management/pause-enrollments
Γö£ ╞Æ /[locale]/portal/staff-management/placement-tests
Γö£ ╞Æ /[locale]/portal/staff-management/profile
Γö£ ╞Æ /[locale]/portal/staff-management/report-requests
Γö£ ╞Æ /[locale]/portal/staff-management/schedule
Γö£ ╞Æ /[locale]/portal/staff-management/schedule/[id]
Γö£ ╞Æ /[locale]/portal/staff-management/session-report
Γö£ ╞Æ /[locale]/portal/staff-management/students
Γö£ ╞Æ /[locale]/portal/staff-management/templates
Γö£ ╞Æ /[locale]/portal/staff-management/tickets
Γö£ ╞Æ /[locale]/portal/staff/announcements
Γö£ ╞Æ /[locale]/portal/staff/enrollments
Γö£ ╞Æ /[locale]/portal/staff/enrollments/announcements
Γö£ ╞Æ /[locale]/portal/staff/fees
Γö£ ╞Æ /[locale]/portal/staff/reports
Γö£ ╞Æ /[locale]/portal/staff/students
Γö£ ╞Æ /[locale]/portal/student
Γö£ ╞Æ /[locale]/portal/student/ai-speaking
Γö£ ╞Æ /[locale]/portal/student/ai-tutor
Γö£ ╞Æ /[locale]/portal/student/application
Γö£ ╞Æ /[locale]/portal/student/attendance
Γö£ ╞Æ /[locale]/portal/student/gamification
Γö£ ╞Æ /[locale]/portal/student/homework
Γö£ ╞Æ /[locale]/portal/student/homework/[id]
Γö£ ╞Æ /[locale]/portal/student/level
Γö£ ╞Æ /[locale]/portal/student/materials
Γö£ ╞Æ /[locale]/portal/student/media
Γö£ ╞Æ /[locale]/portal/student/missions
Γö£ ╞Æ /[locale]/portal/student/notifications
Γö£ ╞Æ /[locale]/portal/student/notifications/materials
Γö£ ╞Æ /[locale]/portal/student/profile
Γö£ ╞Æ /[locale]/portal/student/reports
Γö£ ╞Æ /[locale]/portal/student/rewards
Γö£ ╞Æ /[locale]/portal/student/schedule
Γö£ ╞Æ /[locale]/portal/student/stars
Γö£ ╞Æ /[locale]/portal/student/streak
Γö£ ╞Æ /[locale]/portal/student/tests
Γö£ ╞Æ /[locale]/portal/student/tests/[id]
Γö£ ╞Æ /[locale]/portal/student/xp
Γö£ ╞Æ /[locale]/portal/teacher
Γö£ ╞Æ /[locale]/portal/teacher/applications
Γö£ ╞Æ /[locale]/portal/teacher/assignments
Γö£ ╞Æ /[locale]/portal/teacher/assignments/[id]
Γö£ ╞Æ /[locale]/portal/teacher/assignments/[id]/submissions/[homeworkStudentId]
Γö£ ╞Æ /[locale]/portal/teacher/attendance
Γö£ ╞Æ /[locale]/portal/teacher/classes
Γö£ ╞Æ /[locale]/portal/teacher/classes/[id]
Γö£ ╞Æ /[locale]/portal/teacher/feedback
Γö£ ╞Æ /[locale]/portal/teacher/feedback/monthly-report
Γö£ ╞Æ /[locale]/portal/teacher/feedback/session-report
Γö£ ╞Æ /[locale]/portal/teacher/gamification
Γö£ ╞Æ /[locale]/portal/teacher/incident-reports
Γö£ ╞Æ /[locale]/portal/teacher/materials
Γö£ ╞Æ /[locale]/portal/teacher/media
Γö£ ╞Æ /[locale]/portal/teacher/notifications
Γö£ ╞Æ /[locale]/portal/teacher/profile
Γö£ ╞Æ /[locale]/portal/teacher/report-requests
Γö£ ╞Æ /[locale]/portal/teacher/schedule
Γö£ ╞Æ /[locale]/portal/teacher/schedule/[id]
Γö£ ╞Æ /[locale]/portal/teacher/subjects
Γö£ ╞Æ /[locale]/portal/teacher/timesheet
Γö£ ╞Æ /[locale]/profile/update
Γö£ ╞Æ /403
Γö£ ╞Æ /api/admin/profiles
Γö£ ╞Æ /api/admin/profiles/[id]
Γö£ ╞Æ /api/admin/profiles/link
Γö£ ╞Æ /api/admin/profiles/unlink
Γö£ ╞Æ /api/admin/set-role
Γö£ ╞Æ /api/admin/users
Γö£ ╞Æ /api/admin/users/[id]
Γö£ ╞Æ /api/admin/users/[id]/approve
Γö£ ╞Æ /api/admin/users/[id]/assign-branch
Γö£ ╞Æ /api/admin/users/[id]/change-pin
Γö£ ╞Æ /api/admin/users/[id]/status
Γö£ ╞Æ /api/admin/users/approve
Γö£ ╞Æ /api/admin/users/profile/[id]/reactivate
Γö£ ╞Æ /api/attendance/[sessionId]
Γö£ ╞Æ /api/attendance/[sessionId]/students/[studentProfileId]
Γö£ ╞Æ /api/attendance/students
Γö£ ╞Æ /api/auth/change-password
Γö£ ╞Æ /api/auth/change-pin
Γö£ ╞Æ /api/auth/forget-password
Γö£ ╞Æ /api/auth/login
Γö£ ╞Æ /api/auth/logout
Γö£ ╞Æ /api/auth/me
Γö£ ╞Æ /api/auth/profile
Γö£ ╞Æ /api/auth/profile/request-pin-reset
Γö£ ╞Æ /api/auth/profile/request-pin-reset-zalo-otp
Γö£ ╞Æ /api/auth/profile/select-student
Γö£ ╞Æ /api/auth/profile/verify-parent-pin
Γö£ ╞Æ /api/auth/profile/verify-pin-reset-zalo-otp
Γö£ ╞Æ /api/auth/refresh-token
Γö£ ╞Æ /api/auth/reset-password
Γö£ ╞Æ /api/auth/reset-pin
Γö£ ╞Æ /api/blogs
Γö£ ╞Æ /api/blogs/[id]
Γö£ ╞Æ /api/blogs/[id]/publish
Γö£ ╞Æ /api/blogs/[id]/unpublish
Γö£ ╞Æ /api/blogs/published
Γö£ ╞Æ /api/branches
Γö£ ╞Æ /api/branches/[id]
Γö£ ╞Æ /api/branches/[id]/status
Γö£ ╞Æ /api/branches/all
Γö£ ╞Æ /api/branches/create
Γö£ ╞Æ /api/branches/public
Γö£ ╞Æ /api/classes
Γö£ ╞Æ /api/classes/[id]
Γö£ ╞Æ /api/classes/[id]/assign-teacher
Γö£ ╞Æ /api/classes/[id]/schedule-segments
Γö£ ╞Æ /api/classes/[id]/status
Γö£ ╞Æ /api/classrooms/[id]/toggle-status
Γö£ ╞Æ /api/dashboard/academic
Γö£ ╞Æ /api/dashboard/finance
Γö£ ╞Æ /api/dashboard/hr
Γö£ ╞Æ /api/dashboard/leads
Γö£ ╞Æ /api/dashboard/overall
Γö£ ╞Æ /api/dashboard/student
Γö£ ╞Æ /api/enrollments
Γö£ ╞Æ /api/enrollments/[id]
Γö£ ╞Æ /api/enrollments/[id]/assign-tuition-plan
Γö£ ╞Æ /api/enrollments/[id]/drop
Γö£ ╞Æ /api/enrollments/[id]/pause
Γö£ ╞Æ /api/enrollments/[id]/reactivate
Γö£ ╞Æ /api/enrollments/student/[studentProfileId]/history
Γö£ ╞Æ /api/extracurricular-programs
Γö£ ╞Æ /api/extracurricular-programs/[id]
Γö£ ╞Æ /api/faqs
Γö£ ╞Æ /api/faqs/[id]
Γö£ ╞Æ /api/faqs/admin/categories
Γö£ ╞Æ /api/faqs/admin/items
Γö£ ╞Æ /api/faqs/categories
Γö£ ╞Æ /api/faqs/categories/[id]
Γö£ ╞Æ /api/files
Γö£ ╞Æ /api/files/avatar
Γö£ ╞Æ /api/files/blob/upload
Γö£ ╞Æ /api/files/blob/view
Γö£ ╞Æ /api/files/upload
Γö£ ╞Æ /api/finance/[...path]
Γö£ ╞Æ /api/gamification/[[...slug]]
Γö£ ╞Æ /api/homework
Γö£ ╞Æ /api/homework/[id]
Γö£ ╞Æ /api/homework/[id]/reward-stars
Γö£ ╞Æ /api/homework/multiple-choice
Γö£ ╞Æ /api/homework/multiple-choice/from-bank
Γö£ ╞Æ /api/homework/students/[studentProfileId]/history
Γö£ ╞Æ /api/homework/submissions
Γö£ ╞Æ /api/homework/submissions/[homeworkStudentId]
Γö£ ╞Æ /api/homework/submissions/[homeworkStudentId]/ai-feedback
Γö£ ╞Æ /api/homework/submissions/[homeworkStudentId]/grade
Γö£ ╞Æ /api/homework/submissions/[homeworkStudentId]/mark-status
Γö£ ╞Æ /api/homework/submissions/[homeworkStudentId]/quick-grade
Γö£ ╞Æ /api/incident-reports
Γö£ ╞Æ /api/incident-reports/[id]
Γö£ ╞Æ /api/incident-reports/[id]/assign
Γö£ ╞Æ /api/incident-reports/[id]/comments
Γö£ ╞Æ /api/incident-reports/[id]/status
Γö£ ╞Æ /api/incident-reports/statistics
Γö£ ╞Æ /api/leads
Γö£ ╞Æ /api/leads/[id]
Γö£ ╞Æ /api/leads/[id]/activities
Γö£ ╞Æ /api/leads/[id]/assign
Γö£ ╞Æ /api/leads/[id]/children
Γö£ ╞Æ /api/leads/[id]/children/[childId]
Γö£ ╞Æ /api/leads/[id]/notes
Γö£ ╞Æ /api/leads/[id]/self-assign
Γö£ ╞Æ /api/leads/[id]/status
Γö£ ╞Æ /api/leads/public
Γö£ ╞Æ /api/leave-requests
Γö£ ╞Æ /api/leave-requests/[id]
Γö£ ╞Æ /api/leave-requests/[id]/approve
Γö£ ╞Æ /api/leave-requests/[id]/cancel
Γö£ ╞Æ /api/leave-requests/[id]/reject
Γö£ ╞Æ /api/leave-requests/approve-bulk
Γö£ ╞Æ /api/makeup-credits
Γö£ ╞Æ /api/makeup-credits/[id]
Γö£ ╞Æ /api/makeup-credits/[id]/expire
Γö£ ╞Æ /api/makeup-credits/[id]/parent/get-available-sessions
Γö£ ╞Æ /api/makeup-credits/[id]/suggestions
Γö£ ╞Æ /api/makeup-credits/[id]/use
Γö£ ╞Æ /api/makeup-credits/all
Γö£ ╞Æ /api/makeup-credits/allocations
Γö£ ╞Æ /api/makeup-credits/students
Γö£ ╞Æ /api/me/admin/overview
Γö£ ╞Æ /api/media
Γö£ ╞Æ /api/media/[...path]
Γö£ ╞Æ /api/missions/[[...slug]]
Γö£ ╞Æ /api/monthly-reports/[[...slug]]
Γö£ ╞Æ /api/notifications
Γö£ ╞Æ /api/notifications/[id]
Γö£ ╞Æ /api/notifications/[id]/read
Γö£ ╞Æ /api/notifications/[id]/retry
Γö£ ╞Æ /api/notifications/broadcast
Γö£ ╞Æ /api/notifications/broadcast/history
Γö£ ╞Æ /api/notifications/device-token
Γö£ ╞Æ /api/notifications/templates
Γö£ ╞Æ /api/notifications/templates/[id]
Γö£ ╞Æ /api/parent/[...path]
Γö£ ╞Æ /api/parent/timetable
Γö£ ╞Æ /api/pause-enrollment-requests
Γö£ ╞Æ /api/pause-enrollment-requests/[id]
Γö£ ╞Æ /api/pause-enrollment-requests/[id]/approve
Γö£ ╞Æ /api/pause-enrollment-requests/[id]/cancel
Γö£ ╞Æ /api/pause-enrollment-requests/[id]/outcome
Γö£ ╞Æ /api/pause-enrollment-requests/[id]/reassign-equivalent-class
Γö£ ╞Æ /api/pause-enrollment-requests/[id]/reject
Γö£ ╞Æ /api/pause-enrollment-requests/approve-bulk
Γö£ ╞Æ /api/placement-tests
Γö£ ╞Æ /api/placement-tests/[id]
Γö£ ╞Æ /api/placement-tests/[id]/cancel
Γö£ ╞Æ /api/placement-tests/[id]/convert-to-enrolled
Γö£ ╞Æ /api/placement-tests/[id]/no-show
Γö£ ╞Æ /api/placement-tests/[id]/notes
Γö£ ╞Æ /api/placement-tests/[id]/results
Γö£ ╞Æ /api/placement-tests/[id]/retake
Γö£ ╞Æ /api/placement-tests/availability
Γö£ ╞Æ /api/profiles
Γö£ ╞Æ /api/profiles/[id]
Γö£ ╞Æ /api/profiles/[id]/reactivate
Γö£ ╞Æ /api/profiles/link
Γö£ ╞Æ /api/profiles/unlink
Γö£ ╞Æ /api/programs
Γö£ ╞Æ /api/programs/[id]
Γö£ ╞Æ /api/programs/[id]/monthly-leave-limit
Γö£ ╞Æ /api/programs/[id]/toggle-status
Γö£ ╞Æ /api/programs/active
Γö£ ╞Æ /api/proxy/[...path]
Γö£ ╞Æ /api/question-bank
Γö£ ╞Æ /api/question-bank/[id]
Γö£ ╞Æ /api/question-bank/[id]/toggle-status
Γö£ ╞Æ /api/question-bank/ai-generate
Γö£ ╞Æ /api/question-bank/ai-generate/from-file
Γö£ ╞Æ /api/question-bank/import
Γö£ ╞Æ /api/registrations
Γö£ ╞Æ /api/registrations/[id]
Γö£ ╞Æ /api/registrations/[id]/assign-class
Γö£ ╞Æ /api/registrations/[id]/cancel
Γö£ ╞Æ /api/registrations/[id]/enrollment-confirmation-pdf
Γö£ ╞Æ /api/registrations/[id]/enrollment-confirmation-pdf/history
Γö£ ╞Æ /api/registrations/[id]/suggest-classes
Γö£ ╞Æ /api/registrations/[id]/transfer-class
Γö£ ╞Æ /api/registrations/[id]/upgrade
Γö£ ╞Æ /api/registrations/enrollment-confirmation-payment-setting
Γö£ ╞Æ /api/registrations/import-active
Γö£ ╞Æ /api/registrations/waiting-list
Γö£ ╞Æ /api/report-requests
Γö£ ╞Æ /api/report-requests/[id]
Γö£ ╞Æ /api/report-requests/[id]/cancel
Γö£ ╞Æ /api/report-requests/[id]/complete
Γö£ ╞Æ /api/search
Γö£ ╞Æ /api/session
Γö£ ╞Æ /api/session-reports
Γö£ ╞Æ /api/session-reports/[id]
Γö£ ╞Æ /api/session-reports/[id]/approve
Γö£ ╞Æ /api/session-reports/[id]/comments
Γö£ ╞Æ /api/session-reports/[id]/publish
Γö£ ╞Æ /api/session-reports/[id]/reject
Γö£ ╞Æ /api/session-reports/[id]/submit
Γö£ ╞Æ /api/session-reports/ai/enhance-feedback
Γö£ ╞Æ /api/session-reports/teachers/[teacherUserId]/monthly
Γö£ ╞Æ /api/sessions/[id]
Γö£ ╞Æ /api/sessions/by-class
Γö£ ╞Æ /api/sessions/generate
Γö£ ╞Æ /api/sessions/generate-from-pattern
Γö£ ╞Æ /api/staff-management/[...path]
Γö£ ╞Æ /api/staff/[...path]
Γö£ ╞Æ /api/student/[...path]
Γö£ ╞Æ /api/students
Γö£ ╞Æ /api/students/[studentId]/classes
Γö£ ╞Æ /api/students/ai-speaking/analyze
Γö£ ╞Æ /api/students/ai-speaking/converse
Γö£ ╞Æ /api/students/classes
Γö£ ╞Æ /api/students/homework/[homeworkStudentId]
Γö£ ╞Æ /api/students/homework/[homeworkStudentId]/hint
Γö£ ╞Æ /api/students/homework/[homeworkStudentId]/recommendations
Γö£ ╞Æ /api/students/homework/[homeworkStudentId]/speaking-analysis
Γö£ ╞Æ /api/students/homework/feedback/my
Γö£ ╞Æ /api/students/homework/multiple-choice/submit
Γö£ ╞Æ /api/students/homework/my
Γö£ ╞Æ /api/students/homework/submit
Γö£ ╞Æ /api/students/homework/submitted
Γö£ ╞Æ /api/students/timetable
Γö£ ╞Æ /api/teacher/[...path]
Γö£ ╞Æ /api/teacher/session-reports
Γö£ ╞Æ /api/teacher/session-reports/[id]
Γö£ ╞Æ /api/teacher/session-reports/[id]/approve
Γö£ ╞Æ /api/teacher/session-reports/[id]/publish
Γö£ ╞Æ /api/teacher/session-reports/[id]/reject
Γö£ ╞Æ /api/teacher/session-reports/[id]/submit
Γö£ ╞Æ /api/teacher/session-reports/ai/enhance-feedback
Γö£ ╞Æ /api/teacher/session-reports/teachers/[teacherUserId]/monthly
Γö£ ╞Æ /api/teacher/timetable
Γö£ ╞Æ /api/teaching-materials
Γö£ ╞Æ /api/teaching-materials/[id]
Γö£ ╞Æ /api/teaching-materials/[id]/annotations
Γö£ ╞Æ /api/teaching-materials/[id]/bookmark
Γö£ ╞Æ /api/teaching-materials/[id]/download
Γö£ ╞Æ /api/teaching-materials/[id]/preview
Γö£ ╞Æ /api/teaching-materials/[id]/preview-pdf
Γö£ ╞Æ /api/teaching-materials/[id]/slides
Γö£ ╞Æ /api/teaching-materials/[id]/slides/[slideNumber]/notes
Γö£ ╞Æ /api/teaching-materials/[id]/slides/[slideNumber]/preview
Γö£ ╞Æ /api/teaching-materials/[id]/slides/[slideNumber]/thumbnail
Γö£ ╞Æ /api/teaching-materials/[id]/view-progress
Γö£ ╞Æ /api/teaching-materials/[id]/view-progress/summary
Γö£ ╞Æ /api/teaching-materials/annotations/[id]
Γö£ ╞Æ /api/teaching-materials/bookmarks
Γö£ ╞Æ /api/teaching-materials/lesson-bundle
Γö£ ╞Æ /api/teaching-materials/lesson-progress
Γö£ ╞Æ /api/teaching-materials/upload
Γö£ ╞Æ /api/tickets
Γö£ ╞Æ /api/tickets/[id]
Γö£ ╞Æ /api/tickets/[id]/assign
Γö£ ╞Æ /api/tickets/[id]/comments
Γö£ ╞Æ /api/tickets/[id]/history
Γö£ ╞Æ /api/tickets/[id]/sla
Γö£ ╞Æ /api/tickets/[id]/status
Γö£ ╞Æ /api/tuition-plans
Γö£ ╞Æ /api/tuition-plans/[id]
Γö£ ╞Æ /api/tuition-plans/[id]/toggle-status
Γöö ╞Æ /api/tuition-plans/active


╞Æ Proxy (Middleware)

╞Æ  (Dynamic)  server-rendered on demand

